alex@alex-VirtualBox:~$ docker container ls --all
CONTAINER ID        IMAGE               COMMAND                  CREATED             STATUS                    PORTS               NAMES
e7a06aba0f99        postgres:9.6.5      "docker-entrypoint..."   43 hours ago        Exited (0) 16 hours ago                       my_postgres
98ff937b057b        mysql:5.7           "docker-entrypoint..."   46 hours ago        Exited (0) 16 hours ago                       my_mysql
c23ebe831ec5        hello-world         "/hello"                 47 hours ago        Exited (0) 47 hours ago                       distracted_gates
alex@alex-VirtualBox:~$ docker commit my_postgres my_postgres
sha256:9297db559e1f6f910fe4481a636d9f670f1ec765708a00eec04562a95b1540e0
alex@alex-VirtualBox:~$ docker images
REPOSITORY          TAG                 IMAGE ID            CREATED             SIZE
my_postgres         latest              9297db559e1f        13 seconds ago      266MB
webserver           latest              95f751e0efab        16 hours ago        573MB
<none>              <none>              e767aeab0286        20 hours ago        573MB
<none>              <none>              4c2f29ff58ea        20 hours ago        573MB
<none>              <none>              6462e791fe1d        20 hours ago        573MB
<none>              <none>              2d6bbf2c5e42        24 hours ago        573MB
<none>              <none>              3993a6bff09a        24 hours ago        573MB
<none>              <none>              868228dabc48        41 hours ago        573MB
<none>              <none>              2a49765274d0        44 hours ago        573MB
<none>              <none>              2d619ddd664e        45 hours ago        466MB
tomcat              8.0-jre8            1bda825c3767        3 days ago          560MB
tomcat              8.0                 a65392ada1b1        3 days ago          454MB
postgres            9.6.5               5ea0de5633cc        3 days ago          266MB
postgres            latest              0ab78a2ecd53        3 days ago          287MB
mysql               5.7                 3e3878acd190        3 days ago          412MB
mysql               latest              3e3878acd190        3 days ago          412MB
hello-world         latest              05a3bd381fc2        4 weeks ago         1.84kB
alex@alex-VirtualBox:~$ docker commit my_mysql my_mysql
sha256:4dada692145eda434cfe3a2c30926e58ebe0628d7c552fc096ecc31fa2048e24
alex@alex-VirtualBox:~$ docker login ayanovsk ayanovsk@gmail.com
"docker login" requires at most 1 argument.
See 'docker login --help'.

Usage:  docker login [OPTIONS] [SERVER]

Log in to a Docker registry
alex@alex-VirtualBox:~$ docker login ayanovsk
Username: ayanovsk
Password: 
Error response from daemon: Get https://ayanovsk/v2/: dial tcp: lookup ayanovsk on 127.0.1.1:53: no such host
alex@alex-VirtualBox:~$ docker login hub.docker.com
Username: ayanovsk
Password: 
Error response from daemon: login attempt to https://hub.docker.com/v2/ failed with status: 404 Not Found
alex@alex-VirtualBox:~$ docker login hub.docker.com/my_project
Username: ayanovsk
Password: 
Error response from daemon: login attempt to https://hub.docker.com/v2/ failed with status: 404 Not Found
alex@alex-VirtualBox:~$ docker login --username=ayanovsk --email=ayanovsk@gmail.com
unknown flag: --email
See 'docker login --help'.
alex@alex-VirtualBox:~$ docker login --help

Usage:	docker login [OPTIONS] [SERVER]

Log in to a Docker registry

Options:
      --help              Print usage
  -p, --password string   Password
      --password-stdin    Take the password from stdin
  -u, --username string   Username
alex@alex-VirtualBox:~$ ^C
alex@alex-VirtualBox:~$ docker login -u ayanovsk -p 12344321d
WARNING! Using --password via the CLI is insecure. Use --password-stdin.
Login Succeeded
alex@alex-VirtualBox:~$ docker push --help

Usage:	docker push [OPTIONS] NAME[:TAG]

Push an image or a repository to a registry

Options:
      --disable-content-trust   Skip image signing (default true)
      --help                    Print usage
alex@alex-VirtualBox:~$ docker push my_postgres
The push refers to a repository [docker.io/library/my_postgres]
776c0b29bdbb: Preparing 
4898e6ce0832: Preparing 
2bc75ea942d2: Preparing 
236d703058e9: Preparing 
c3688c2ce7de: Preparing 
30027bb3b431: Waiting 
7044659444c1: Waiting 
38ac14e86d82: Waiting 
b713f281bbda: Waiting 
007748c889fc: Waiting 
d376c2645479: Waiting 
f900a7cb8fa0: Waiting 
c01c63c6823d: Waiting 
denied: requested access to the resource is denied
alex@alex-VirtualBox:~$ ^C
alex@alex-VirtualBox:~$ docker push my_postgres ayanovsk/my_project
"docker push" requires exactly 1 argument.
See 'docker push --help'.

Usage:  docker push [OPTIONS] NAME[:TAG]

Push an image or a repository to a registry
alex@alex-VirtualBox:~$ docker push --help

Usage:	docker push [OPTIONS] NAME[:TAG]

Push an image or a repository to a registry

Options:
      --disable-content-trust   Skip image signing (default true)
      --help                    Print usage
alex@alex-VirtualBox:~$ docker push my_project/my_postgres
The push refers to a repository [docker.io/my_project/my_postgres]
An image does not exist locally with the tag: my_project/my_postgres
alex@alex-VirtualBox:~$ docker tag my_postgres my_postgres
alex@alex-VirtualBox:~$ docker push my_postgres
The push refers to a repository [docker.io/library/my_postgres]
776c0b29bdbb: Preparing 
4898e6ce0832: Preparing 
2bc75ea942d2: Preparing 
236d703058e9: Preparing 
c3688c2ce7de: Preparing 
30027bb3b431: Waiting 
7044659444c1: Waiting 
38ac14e86d82: Waiting 
b713f281bbda: Waiting 
007748c889fc: Waiting 
d376c2645479: Waiting 
f900a7cb8fa0: Waiting 
c01c63c6823d: Waiting 
denied: requested access to the resource is denied
alex@alex-VirtualBox:~$ docker push ayanovsk/my_postgres
The push refers to a repository [docker.io/ayanovsk/my_postgres]
An image does not exist locally with the tag: ayanovsk/my_postgres
alex@alex-VirtualBox:~$ docker tag ayanovsk/my_postgres my_postgres
Error response from daemon: No such image: ayanovsk/my_postgres:latest
alex@alex-VirtualBox:~$ docker tag my_postgres ayanovsk/my_postgres
alex@alex-VirtualBox:~$ docker push ayanovsk/my_postgres
The push refers to a repository [docker.io/ayanovsk/my_postgres]
776c0b29bdbb: Pushed 
4898e6ce0832: Pushed 
2bc75ea942d2: Pushed 
236d703058e9: Pushed 
c3688c2ce7de: Pushed 
30027bb3b431: Pushed 
7044659444c1: Pushed 
38ac14e86d82: Pushed 
b713f281bbda: Pushed 
007748c889fc: Pushed 
d376c2645479: Pushed 
f900a7cb8fa0: Pushed 
c01c63c6823d: Pushed 
latest: digest: sha256:199bd381993e4c0c7a06307c285c76271cf49d4f69d0eae992eed52002f66770 size: 3029
alex@alex-VirtualBox:~$ docker tag ayanovsk/my_mysql my_mysql
Error response from daemon: No such image: ayanovsk/my_mysql:latest
alex@alex-VirtualBox:~$ docker images
REPOSITORY             TAG                 IMAGE ID            CREATED             SIZE
my_mysql               latest              4dada692145e        39 minutes ago      412MB
ayanovsk/my_postgres   latest              9297db559e1f        40 minutes ago      266MB
my_postgres            latest              9297db559e1f        40 minutes ago      266MB
webserver              latest              95f751e0efab        17 hours ago        573MB
<none>                 <none>              e767aeab0286        20 hours ago        573MB
<none>                 <none>              4c2f29ff58ea        20 hours ago        573MB
<none>                 <none>              6462e791fe1d        21 hours ago        573MB
<none>                 <none>              2d6bbf2c5e42        25 hours ago        573MB
<none>                 <none>              3993a6bff09a        25 hours ago        573MB
<none>                 <none>              868228dabc48        42 hours ago        573MB
<none>                 <none>              2a49765274d0        45 hours ago        573MB
<none>                 <none>              2d619ddd664e        46 hours ago        466MB
tomcat                 8.0-jre8            1bda825c3767        3 days ago          560MB
tomcat                 8.0                 a65392ada1b1        3 days ago          454MB
postgres               9.6.5               5ea0de5633cc        3 days ago          266MB
postgres               latest              0ab78a2ecd53        3 days ago          287MB
mysql                  5.7                 3e3878acd190        3 days ago          412MB
mysql                  latest              3e3878acd190        3 days ago          412MB
hello-world            latest              05a3bd381fc2        4 weeks ago         1.84kB
alex@alex-VirtualBox:~$ docker tag my_mysql ayanovsk/my_mysql
alex@alex-VirtualBox:~$ docker push ayanovsk/my_mysql
The push refers to a repository [docker.io/ayanovsk/my_mysql]
6a85be146931: Mounted from library/mysql 
e8dc271f04eb: Mounted from library/mysql 
78243cccfa93: Mounted from library/mysql 
f9dd64e8fdbc: Mounted from library/mysql 
ecdc07e319b9: Mounted from library/mysql 
662f9a3ad648: Mounted from library/mysql 
79b27758be66: Mounted from library/mysql 
5efbfe22b385: Mounted from library/mysql 
61b642d465e3: Mounted from library/mysql 
43f0d9f27e08: Mounted from library/mysql 
c01c63c6823d: Mounted from ayanovsk/my_postgres 
latest: digest: sha256:3f48fd61ea22cc9fc5ca8974fddf79a056090aa0da494c7740b9340e1b63a05c size: 2617
alex@alex-VirtualBox:~$ 
