exit
student@student-VirtualBox:~$ xhost +
access control disabled, clients can connect from any host
student@student-VirtualBox:~$ docker run -it --rm --net=host -e DISPLAY  -v /tmp/.X11-unix tomcat:8.0-jre8 /bin/bash
root@student-VirtualBox:/usr/local/tomcat# java -jar DohMPI_EDEN_Client.jar

** (java:5): WARNING **: Couldn't register with accessibility bus: An AppArmor policy prevents this sender from sending this message to this recipient; type="method_call", sender="(null)" (inactive) interface="org.freedesktop.DBus" member="Hello" error name="(unset)" requested_reply="0" destination="org.freedesktop.DBus" (bus)
Form response 200
<?xml version="1.0" encoding="UTF-8"?><ServiceResult>
<ResponseStatus>Incorrect input. First Name not provided.Last Name not provided.Date of birth format is invalid.Either gender or both street number and street name are required</ResponseStatus>
<FirstName/>
<LastName/>
<Gender/>
<DateOfBirth/>
<MPI_ID/>
<Is_Deceased/>
<DateOfDeath/>
<Address/>
<City/>
<Zip/>
<Phone/>
<AddressLastChangedOn/>
<ImmediateCause/>
<AdditionalCause1/>
<AdditionalCause2/>
<MannerOfDeath/>
<UnderlyingCause/>
<UnderlyingCode/>
<ContribCode1/>
<ContribCode2/>
<ContribCode3/>
<ContribCode4/>
<ContribCode5/>
<ContribCode6/>
<ContribCode7/>
<ContribCode8/>
<ContribCode9/>
</ServiceResult>

Form response 200
<?xml version="1.0" encoding="UTF-8"?><ServiceResult>
<ResponseStatus>DohMPI: Match successful. EDEN: Match successful.</ResponseStatus>
<FirstName>Carrie</FirstName>
<LastName>White</LastName>
<Gender>F</Gender>
<DateOfBirth>06/22/1969</DateOfBirth>
<MPI_ID>1162</MPI_ID>
<Is_Deceased>true</Is_Deceased>
<DateOfDeath>08/31/2016</DateOfDeath>
<Address>4359SOUTHELMSTREET</Address>
<City>SALTLAKECITY</City>
<Zip>84114</Zip>
<Phone/>
<AddressLastChangedOn>2017-10-20 10:50:15</AddressLastChangedOn>
<ImmediateCause>Multiple Stab Wounds To Torso And Neck</ImmediateCause>
<AdditionalCause1/>
<AdditionalCause2/>
<MannerOfDeath>4</MannerOfDeath>
<UnderlyingCause/>
<UnderlyingCode/>
<ContribCode1/>
<ContribCode2/>
<ContribCode3/>
<ContribCode4/>
<ContribCode5/>
<ContribCode6/>
<ContribCode7/>
<ContribCode8/>
<ContribCode9/>
</ServiceResult>

root@student-VirtualBox:/usr/local/tomcat# exit
exit
student@student-VirtualBox:~$ pwd
/home/student
student@student-VirtualBox:~$ mkdir for_client
student@student-VirtualBox:~$ cd for_client
student@student-VirtualBox:~/for_client$ gedit Dockerfile_client
student@student-VirtualBox:~/for_client$ cp ~/IdeaProjects/DohMPI_EDEN_Client/out/artifacts/DohMPI_EDEN_Client_jar/DohMPI_EDEN_Client.jar .
student@student-VirtualBox:~/for_client$ docker build -f Dockerfile_client -t my_client .
Sending build context to Docker daemon  4.116MB
Step 1/3 : FROM tomcat:8.0-jre8
 ---> 1bda825c3767
Step 2/3 : ADD DohMPI_EDEN_Client.jar /usr/local/tomcat
 ---> 9d705ea8415c
Removing intermediate container 8a2d3e447dd2
Step 3/3 : CMD java -jar DohMPI_EDEN_Client.jar http://localhost:8888/DohMPI_EDEN/rest
 ---> Running in e7747a7e6abc
 ---> 2604e624a9b0
Removing intermediate container e7747a7e6abc
Successfully built 2604e624a9b0
Successfully tagged my_client:latest
student@student-VirtualBox:~/for_client$ xhost +
access control disabled, clients can connect from any host
student@student-VirtualBox:~/for_client$ docker run -it --rm --net=host -e DISPLAY  -v /tmp/.X11-unix my_client

** (java:1): WARNING **: Couldn't register with accessibility bus: An AppArmor policy prevents this sender from sending this message to this recipient; type="method_call", sender="(null)" (inactive) interface="org.freedesktop.DBus" member="Hello" error name="(unset)" requested_reply="0" destination="org.freedesktop.DBus" (bus)
Form response 200
<?xml version="1.0" encoding="UTF-8"?><ServiceResult>
<ResponseStatus>Incorrect input. First Name not provided.Last Name not provided.Date of birth format is invalid.Either gender or both street number and street name are required</ResponseStatus>
<FirstName/>
<LastName/>
<Gender/>
<DateOfBirth/>
<MPI_ID/>
<Is_Deceased/>
<DateOfDeath/>
<Address/>
<City/>
<Zip/>
<Phone/>
<AddressLastChangedOn/>
<ImmediateCause/>
<AdditionalCause1/>
<AdditionalCause2/>
<MannerOfDeath/>
<UnderlyingCause/>
<UnderlyingCode/>
<ContribCode1/>
<ContribCode2/>
<ContribCode3/>
<ContribCode4/>
<ContribCode5/>
<ContribCode6/>
<ContribCode7/>
<ContribCode8/>
<ContribCode9/>
</ServiceResult>

Form response 200
<?xml version="1.0" encoding="UTF-8"?><ServiceResult>
<ResponseStatus>DohMPI: Match successful. EDEN: Match successful.</ResponseStatus>
<FirstName>Carrie</FirstName>
<LastName>White</LastName>
<Gender>F</Gender>
<DateOfBirth>06/22/1969</DateOfBirth>
<MPI_ID>1162</MPI_ID>
<Is_Deceased>true</Is_Deceased>
<DateOfDeath>08/31/2016</DateOfDeath>
<Address>4359SOUTHELMSTREET</Address>
<City>SALTLAKECITY</City>
<Zip>84114</Zip>
<Phone/>
<AddressLastChangedOn>2017-10-20 10:50:15</AddressLastChangedOn>
<ImmediateCause>Multiple Stab Wounds To Torso And Neck</ImmediateCause>
<AdditionalCause1/>
<AdditionalCause2/>
<MannerOfDeath>4</MannerOfDeath>
<UnderlyingCause/>
<UnderlyingCode/>
<ContribCode1/>
<ContribCode2/>
<ContribCode3/>
<ContribCode4/>
<ContribCode5/>
<ContribCode6/>
<ContribCode7/>
<ContribCode8/>
<ContribCode9/>
</ServiceResult>

student@student-VirtualBox:~/for_client$ docker run -it --rm --net=host -e DISPLAY  -v /tmp/.X11-unix my_client

** (java:1): WARNING **: Couldn't register with accessibility bus: An AppArmor policy prevents this sender from sending this message to this recipient; type="method_call", sender="(null)" (inactive) interface="org.freedesktop.DBus" member="Hello" error name="(unset)" requested_reply="0" destination="org.freedesktop.DBus" (bus)
student@student-VirtualBox:~/for_client$ docker run my_java_client
Exception in thread "main" java.awt.AWTError: Can't connect to X11 window server using ':0' as the value of the DISPLAY variable.
	at sun.awt.X11GraphicsEnvironment.initDisplay(Native Method)
	at sun.awt.X11GraphicsEnvironment.access$200(X11GraphicsEnvironment.java:65)
	at sun.awt.X11GraphicsEnvironment$1.run(X11GraphicsEnvironment.java:115)
	at java.security.AccessController.doPrivileged(Native Method)
	at sun.awt.X11GraphicsEnvironment.<clinit>(X11GraphicsEnvironment.java:74)
	at java.lang.Class.forName0(Native Method)
	at java.lang.Class.forName(Class.java:264)
	at java.awt.GraphicsEnvironment.createGE(GraphicsEnvironment.java:103)
	at java.awt.GraphicsEnvironment.getLocalGraphicsEnvironment(GraphicsEnvironment.java:82)
	at java.awt.Window.initGC(Window.java:475)
	at java.awt.Window.init(Window.java:495)
	at java.awt.Window.<init>(Window.java:537)
	at java.awt.Frame.<init>(Frame.java:420)
	at javax.swing.JFrame.<init>(JFrame.java:233)
	at DohMPI_EDENClient.<init>(DohMPI_EDENClient.java:60)
	at DohMPI_EDENClient.main(DohMPI_EDENClient.java:443)
student@student-VirtualBox:~/for_client$ docker run -e DISPLAY --net=host -v /tmp/.X11-unix my_java_client

** (java:1): WARNING **: Couldn't register with accessibility bus: An AppArmor policy prevents this sender from sending this message to this recipient; type="method_call", sender="(null)" (inactive) interface="org.freedesktop.DBus" member="Hello" error name="(unset)" requested_reply="0" destination="org.freedesktop.DBus" (bus)
student@student-VirtualBox:~/for_client$ 


ls
  257  docker run -it -rm tomcat:8.0-jre8 /bin/bash
  258  docker run -it --rm tomcat:8.0-jre8 /bin/bash
  259  docker run -it --rm --net=host tomcat:8.0-jre8 /bin/bash
  260  docker run -it --rm --net=host -e DISPLAY=$DISPLAY  -v /tmp/.X11-unix:/tmp/.X11-unix tomcat:8.0-jre8 /bin/bash
  261  xhost +
  262  docker run -it --rm --net=host -e DISPLAY  -v /tmp/.X11-unix tomcat:8.0-jre8 /bin/bash
  263  pwd
  264  mkdir for_client
  265  cd for_client
  266  gedit Dockerfile_client
  267  cp ~/IdeaProjects/DohMPI_EDEN_Client/out/artifacts/DohMPI_EDEN_Client_jar/DohMPI_EDEN_Client.jar .
  268  docker build -f Dockerfile_client -t my_client .
  269  xhost +
  270  docker run -it --rm --net=host -e DISPLAY  -v /tmp/.X11-unix my_client
  271  docker run my_java_client
  272  docker run -e DISPLAY --net=host -v /tmp/.X11-unix my_java_client
  273  history
student@student-VirtualBox:~/for_client$ 
student@student-VirtualBox:~/for_client$ cat Dockerfile_client
From tomcat:8.0-jre8

ADD DohMPI_EDEN_Client.jar /usr/local/tomcat

CMD ["java", "-jar", "DohMPI_EDEN_Client.jar", "http://localhost:8888/DohMPI_EDEN/rest"]

student@student-VirtualBox:~/for_client$ 


